// Bun Snapshot v1, https://bun.sh/docs/test/snapshots

exports[`Card should create a card with default width 1`] = `
"┌──────────────────────────────────────────────────┐
│ Hello World                                      │
└──────────────────────────────────────────────────┘"
`;

exports[`Card should create a card with specified width 1`] = `
"┌──────────────────────────────┐
│ Hello World                  │
└──────────────────────────────┘"
`;

exports[`Card should create a card with options 1`] = `
"\x1B[34m┌──────────────────────────────────────────────────┐
\x1B[0m\x1B[34m│ \x1B[0m\x1B[36m\x1B[1mMy Card                                         \x1B[0m\x1B[34m │
\x1B[0m\x1B[34m├──────────────────────────────────────────────────┤
\x1B[0m\x1B[34m│ \x1B[0m\x1B[37mHello World                                     \x1B[0m\x1B[34m │\x1B[0m\x1B[34m
├──────────────────────────────────────────────────┤
\x1B[0m\x1B[34m│ \x1B[0m\x1B[90mv1.0.0                                          \x1B[0m\x1B[34m │
\x1B[0m\x1B[34m└──────────────────────────────────────────────────┘\x1B[0m"
`;
